// Jest Snapshot v1, https://goo.gl/fbAQLP

exports[`component <SearchPanelView /> is render get snapshot <SearchPanelView /> component 1`] = `
<div
  className="wrapper"
>
  <div
    className="logo"
  >
    netflixroullete
  </div>
  <div
    className="titleFind"
  >
    FIND YOUR MOVIE
  </div>
  <input
    className="inputButton"
    onChange={[MockFunction]}
    value=""
  />
  <div
    className="buttonsWraper"
  >
    <div
      className="optionsButtons"
    >
      <p
        className="title"
      >
        SEARCH BY
      </p>
      <button
        className="buttons"
        onClick={[Function]}
        type="button"
      />
      <button
        className="buttons"
        onClick={[Function]}
        type="button"
      />
    </div>
    <button
      className="search"
      onClick={[Function]}
      type="button"
    >
      SEARCH
    </button>
  </div>
</div>
`;
