// Jest Snapshot v1, https://goo.gl/fbAQLP

exports[`function onClick call snapshot 1`] = `
<Fragment>
  <div>
     movies found
  </div>
  <div
    className="sort-oprions"
  >
    <div>
      Sort by
    </div>
    <div
      className="activeTab"
      key="1"
      onClick={[Function]}
    />
    <div
      className="activeTab"
      key="2"
      onClick={[Function]}
    />
  </div>
</Fragment>
`;
